

================================================================
== Synthesis Summary Report of 'mmult'
================================================================
+ General Information: 
    * Date:           Tue Dec 24 09:47:25 2024
    * Version:        2022.1 (Build 3526262 on Mon Apr 18 15:47:01 MDT 2022)
    * Project:        SA_tiling
    * Solution:       solution1 (Vivado IP Flow Target)
    * Product family: virtexuplus
    * Target device:  xcu50-fsvh2104-2-e
    

+ Performance & Resource Estimates: 
    
    PS: '+' for module; 'o' for loop; '*' for dataflow
    +---------------------------------------------------------------------+------+------+---------+-----------+----------+---------+------+----------+------+-----------+------------+--------------+-----+
    |                               Modules                               | Issue|      | Latency |  Latency  | Iteration|         | Trip |          |      |           |            |              |     |
    |                               & Loops                               | Type | Slack| (cycles)|    (ns)   |  Latency | Interval| Count| Pipelined| BRAM |    DSP    |     FF     |      LUT     | URAM|
    +---------------------------------------------------------------------+------+------+---------+-----------+----------+---------+------+----------+------+-----------+------------+--------------+-----+
    |+ mmult                                                              |     -|  0.00|        -|          -|         -|        -|     -|        no|     -|  777 (13%)|  53905 (3%)|  148804 (17%)|    -|
    | + mmult_Pipeline_init_systolic_reg                                  |     -|  6.21|       18|    180.000|         -|       18|     -|        no|     -|          -|     7 (~0%)|      49 (~0%)|    -|
    |  o init_systolic_reg                                                |     -|  7.30|       16|    160.000|         1|        1|    16|       yes|     -|          -|           -|             -|    -|
    | + mmult_Pipeline_init_localC                                        |     -|  6.21|       34|    340.000|         -|       34|     -|        no|     -|          -|     8 (~0%)|      50 (~0%)|    -|
    |  o init_localC                                                      |     -|  7.30|       32|    320.000|         1|        1|    32|       yes|     -|          -|           -|             -|    -|
    | + mmult_Pipeline_readA                                              |     -|  0.00|        -|          -|         -|        -|     -|        no|     -|          -|   152 (~0%)|     344 (~0%)|    -|
    |  o readA                                                            |     -|  7.30|        -|          -|         3|        1|     -|       yes|     -|          -|           -|             -|    -|
    | + mmult_Pipeline_readB                                              |     -|  0.00|        -|          -|         -|        -|     -|        no|     -|          -|   140 (~0%)|     344 (~0%)|    -|
    |  o readB                                                            |     -|  7.30|        -|          -|         3|        1|     -|       yes|     -|          -|           -|             -|    -|
    | + mmult_Pipeline_systolic_tiling_VITIS_LOOP_113_3_VITIS_LOOP_114_4  |     -|  1.06|      251|  2.510e+03|         -|      251|     -|        no|     -|  768 (12%)|  48178 (2%)|  125537 (14%)|    -|
    |  o systolic_tiling_VITIS_LOOP_113_3_VITIS_LOOP_114_4                |     -|  7.30|      249|  2.490e+03|         2|        1|   248|       yes|     -|          -|           -|             -|    -|
    | + mmult_Pipeline_writeC                                             |     -|  0.00|        -|          -|         -|        -|     -|        no|     -|          -|   137 (~0%)|    5222 (~0%)|    -|
    |  o writeC                                                           |     -|  7.30|        -|          -|         2|        1|     -|       yes|     -|          -|           -|             -|    -|
    +---------------------------------------------------------------------+------+------+---------+-----------+----------+---------+------+----------+------+-----------+------------+--------------+-----+


================================================================
== HW Interfaces
================================================================
* M_AXI
+-------------+------------+---------------+---------+--------+----------+-----------+--------------+--------------+-------------+-------------+
| Interface   | Data Width | Address Width | Latency | Offset | Register | Max Widen | Max Read     | Max Write    | Num Read    | Num Write   |
|             | (SW->HW)   |               |         |        |          | Bitwidth  | Burst Length | Burst Length | Outstanding | Outstanding |
+-------------+------------+---------------+---------+--------+----------+-----------+--------------+--------------+-------------+-------------+
| m_axi_gmem0 | 32 -> 32   | 64            | 0       | slave  | 0        | 0         | 16           | 16           | 16          | 16          |
| m_axi_gmem1 | 32 -> 32   | 64            | 0       | slave  | 0        | 0         | 16           | 16           | 16          | 16          |
| m_axi_gmem2 | 32 -> 32   | 64            | 0       | slave  | 0        | 0         | 16           | 16           | 16          | 16          |
+-------------+------------+---------------+---------+--------+----------+-----------+--------------+--------------+-------------+-------------+

* S_AXILITE Interfaces
+---------------+------------+---------------+--------+----------+
| Interface     | Data Width | Address Width | Offset | Register |
+---------------+------------+---------------+--------+----------+
| s_axi_control | 32         | 7             | 16     | 0        |
+---------------+------------+---------------+--------+----------+

* S_AXILITE Registers
+---------------+----------+--------+-------+--------+----------------------------------+----------------------------------------------------------------------+
| Interface     | Register | Offset | Width | Access | Description                      | Bit Fields                                                           |
+---------------+----------+--------+-------+--------+----------------------------------+----------------------------------------------------------------------+
| s_axi_control | CTRL     | 0x00   | 32    | RW     | Control signals                  | 0=AP_START 1=AP_DONE 2=AP_IDLE 3=AP_READY 7=AUTO_RESTART 9=INTERRUPT |
| s_axi_control | GIER     | 0x04   | 32    | RW     | Global Interrupt Enable Register | 0=Enable                                                             |
| s_axi_control | IP_IER   | 0x08   | 32    | RW     | IP Interrupt Enable Register     | 0=CHAN0_INT_EN 1=CHAN1_INT_EN                                        |
| s_axi_control | IP_ISR   | 0x0c   | 32    | RW     | IP Interrupt Status Register     | 0=CHAN0_INT_ST 1=CHAN1_INT_ST                                        |
| s_axi_control | a_1      | 0x10   | 32    | W      | Data signal of a                 |                                                                      |
| s_axi_control | a_2      | 0x14   | 32    | W      | Data signal of a                 |                                                                      |
| s_axi_control | b_1      | 0x1c   | 32    | W      | Data signal of b                 |                                                                      |
| s_axi_control | b_2      | 0x20   | 32    | W      | Data signal of b                 |                                                                      |
| s_axi_control | c_1      | 0x28   | 32    | W      | Data signal of c                 |                                                                      |
| s_axi_control | c_2      | 0x2c   | 32    | W      | Data signal of c                 |                                                                      |
| s_axi_control | a_row    | 0x34   | 32    | W      | Data signal of a_row             |                                                                      |
| s_axi_control | a_col    | 0x3c   | 32    | W      | Data signal of a_col             |                                                                      |
| s_axi_control | b_col    | 0x44   | 32    | W      | Data signal of b_col             |                                                                      |
+---------------+----------+--------+-------+--------+----------------------------------+----------------------------------------------------------------------+

* TOP LEVEL CONTROL
+-----------+------------+-----------+
| Interface | Type       | Ports     |
+-----------+------------+-----------+
| ap_clk    | clock      | ap_clk    |
| ap_rst_n  | reset      | ap_rst_n  |
| interrupt | interrupt  | interrupt |
| ap_ctrl   | ap_ctrl_hs |           |
+-----------+------------+-----------+


================================================================
== SW I/O Information
================================================================
* Top Function Arguments
+----------+-----------+----------+
| Argument | Direction | Datatype |
+----------+-----------+----------+
| a        | in        | pointer  |
| b        | in        | pointer  |
| c        | out       | pointer  |
| a_row    | in        | int      |
| a_col    | in        | int      |
| b_col    | in        | int      |
+----------+-----------+----------+

* SW-to-HW Mapping
+----------+---------------+-----------+----------+---------------------------------+
| Argument | HW Interface  | HW Type   | HW Usage | HW Info                         |
+----------+---------------+-----------+----------+---------------------------------+
| a        | m_axi_gmem0   | interface |          |                                 |
| a        | s_axi_control | register  | offset   | name=a_1 offset=0x10 range=32   |
| a        | s_axi_control | register  | offset   | name=a_2 offset=0x14 range=32   |
| b        | m_axi_gmem1   | interface |          |                                 |
| b        | s_axi_control | register  | offset   | name=b_1 offset=0x1c range=32   |
| b        | s_axi_control | register  | offset   | name=b_2 offset=0x20 range=32   |
| c        | m_axi_gmem2   | interface |          |                                 |
| c        | s_axi_control | register  | offset   | name=c_1 offset=0x28 range=32   |
| c        | s_axi_control | register  | offset   | name=c_2 offset=0x2c range=32   |
| a_row    | s_axi_control | register  |          | name=a_row offset=0x34 range=32 |
| a_col    | s_axi_control | register  |          | name=a_col offset=0x3c range=32 |
| b_col    | s_axi_control | register  |          | name=b_col offset=0x44 range=32 |
+----------+---------------+-----------+----------+---------------------------------+


================================================================
== M_AXI Burst Information
================================================================
 Note: All burst requests might be further partitioned into multiple requests during RTL generation based on max_read_burst_length or max_write_burst_length settings.

* Inferred Bursts and Widening Missed
+--------------+----------+-------------------------------------------------+------------+---------------------------------------+
| HW Interface | Variable | Problem                                         | Resolution | Location                              |
+--------------+----------+-------------------------------------------------+------------+---------------------------------------+
| m_axi_gmem0  | a        | Volatile or Atomic access cannot be transformed | 214-227    | SA_tiling/src/mmult_tiling.cpp:82:24  |
| m_axi_gmem1  | b        | Volatile or Atomic access cannot be transformed | 214-227    | SA_tiling/src/mmult_tiling.cpp:100:24 |
| m_axi_gmem2  | c        | Volatile or Atomic access cannot be transformed | 214-227    | SA_tiling/src/mmult_tiling.cpp:169:16 |
+--------------+----------+-------------------------------------------------+------------+---------------------------------------+

    * Resolution URL: www.xilinx.com/cgi-bin/docs/rdoc?v=2022.1;t=hls+guidance;d=XXX-YYY.html (replace XXX-YYY with column value)

================================================================
== Bind Op Report
================================================================
+---------------------------------------------------------------------+-----+--------+---------------+-----+--------+---------+
| Name                                                                | DSP | Pragma | Variable      | Op  | Impl   | Latency |
+---------------------------------------------------------------------+-----+--------+---------------+-----+--------+---------+
| + mmult                                                             | 777 |        |               |     |        |         |
|   mul_32s_32s_32_1_1_U4597                                          | 3   |        | mul           | mul | auto   | 0       |
|   mul_32s_32s_32_1_1_U4598                                          | 3   |        | mul56         | mul | auto   | 0       |
|   mul_32s_32s_32_1_1_U4599                                          | 3   |        | mul234        | mul | auto   | 0       |
|  + mmult_Pipeline_init_systolic_reg                                 | 0   |        |               |     |        |         |
|    add_ln58_fu_282_p2                                               | -   |        | add_ln58      | add | fabric | 0       |
|  + mmult_Pipeline_init_localC                                       | 0   |        |               |     |        |         |
|    add_ln66_fu_13418_p2                                             | -   |        | add_ln66      | add | fabric | 0       |
|  + mmult_Pipeline_readA                                             | 0   |        |               |     |        |         |
|    add_ln76_fu_674_p2                                               | -   |        | add_ln76      | add | fabric | 0       |
|    add_ln79_fu_719_p2                                               | -   |        | add_ln79      | add | fabric | 0       |
|    j_6_fu_700_p2                                                    | -   |        | j_6           | add | fabric | 0       |
|  + mmult_Pipeline_readB                                             | 0   |        |               |     |        |         |
|    add_ln94_fu_674_p2                                               | -   |        | add_ln94      | add | fabric | 0       |
|    add_ln97_fu_696_p2                                               | -   |        | add_ln97      | add | fabric | 0       |
|    j_3_fu_758_p2                                                    | -   |        | j_3           | add | fabric | 0       |
|  + mmult_Pipeline_systolic_tiling_VITIS_LOOP_113_3_VITIS_LOOP_114_4 | 768 |        |               |     |        |         |
|    add_ln112_fu_43906_p2                                            | -   |        | add_ln112     | add | fabric | 0       |
|    add_ln112_1_fu_43932_p2                                          | -   |        | add_ln112_1   | add | fabric | 0       |
|    add_ln113_fu_44818_p2                                            | -   |        | add_ln113     | add | fabric | 0       |
|    mul_32s_32s_32_1_1_U1147                                         | 3   |        | mul_ln152     | mul | auto   | 0       |
|    add_ln152_fu_53008_p2                                            | -   |        | add_ln152     | add | fabric | 0       |
|    mul_32s_32s_32_1_1_U1148                                         | 3   |        | mul_ln152_1   | mul | auto   | 0       |
|    add_ln152_1_fu_53097_p2                                          | -   |        | add_ln152_1   | add | fabric | 0       |
|    mul_32s_32s_32_1_1_U1149                                         | 3   |        | mul_ln152_2   | mul | auto   | 0       |
|    add_ln152_2_fu_53186_p2                                          | -   |        | add_ln152_2   | add | fabric | 0       |
|    mul_32s_32s_32_1_1_U1150                                         | 3   |        | mul_ln152_3   | mul | auto   | 0       |
|    add_ln152_3_fu_53275_p2                                          | -   |        | add_ln152_3   | add | fabric | 0       |
|    mul_32s_32s_32_1_1_U1151                                         | 3   |        | mul_ln152_4   | mul | auto   | 0       |
|    add_ln152_4_fu_53364_p2                                          | -   |        | add_ln152_4   | add | fabric | 0       |
|    mul_32s_32s_32_1_1_U1152                                         | 3   |        | mul_ln152_5   | mul | auto   | 0       |
|    add_ln152_5_fu_53453_p2                                          | -   |        | add_ln152_5   | add | fabric | 0       |
|    mul_32s_32s_32_1_1_U1153                                         | 3   |        | mul_ln152_6   | mul | auto   | 0       |
|    add_ln152_6_fu_53542_p2                                          | -   |        | add_ln152_6   | add | fabric | 0       |
|    mul_32s_32s_32_1_1_U1154                                         | 3   |        | mul_ln152_7   | mul | auto   | 0       |
|    add_ln152_7_fu_53631_p2                                          | -   |        | add_ln152_7   | add | fabric | 0       |
|    mul_32s_32s_32_1_1_U1155                                         | 3   |        | mul_ln152_8   | mul | auto   | 0       |
|    add_ln152_8_fu_53720_p2                                          | -   |        | add_ln152_8   | add | fabric | 0       |
|    mul_32s_32s_32_1_1_U1156                                         | 3   |        | mul_ln152_9   | mul | auto   | 0       |
|    add_ln152_9_fu_53809_p2                                          | -   |        | add_ln152_9   | add | fabric | 0       |
|    mul_32s_32s_32_1_1_U1157                                         | 3   |        | mul_ln152_10  | mul | auto   | 0       |
|    add_ln152_10_fu_53898_p2                                         | -   |        | add_ln152_10  | add | fabric | 0       |
|    mul_32s_32s_32_1_1_U1158                                         | 3   |        | mul_ln152_11  | mul | auto   | 0       |
|    add_ln152_11_fu_53987_p2                                         | -   |        | add_ln152_11  | add | fabric | 0       |
|    mul_32s_32s_32_1_1_U1159                                         | 3   |        | mul_ln152_12  | mul | auto   | 0       |
|    add_ln152_12_fu_54076_p2                                         | -   |        | add_ln152_12  | add | fabric | 0       |
|    mul_32s_32s_32_1_1_U1160                                         | 3   |        | mul_ln152_13  | mul | auto   | 0       |
|    add_ln152_13_fu_54165_p2                                         | -   |        | add_ln152_13  | add | fabric | 0       |
|    mul_32s_32s_32_1_1_U1161                                         | 3   |        | mul_ln152_14  | mul | auto   | 0       |
|    add_ln152_14_fu_54254_p2                                         | -   |        | add_ln152_14  | add | fabric | 0       |
|    mul_32s_32s_32_1_1_U1162                                         | 3   |        | mul_ln152_15  | mul | auto   | 0       |
|    add_ln152_15_fu_54343_p2                                         | -   |        | add_ln152_15  | add | fabric | 0       |
|    mul_32s_32s_32_1_1_U1163                                         | 3   |        | mul_ln152_16  | mul | auto   | 0       |
|    add_ln152_16_fu_54432_p2                                         | -   |        | add_ln152_16  | add | fabric | 0       |
|    mul_32s_32s_32_1_1_U1164                                         | 3   |        | mul_ln152_17  | mul | auto   | 0       |
|    add_ln152_17_fu_54521_p2                                         | -   |        | add_ln152_17  | add | fabric | 0       |
|    mul_32s_32s_32_1_1_U1165                                         | 3   |        | mul_ln152_18  | mul | auto   | 0       |
|    add_ln152_18_fu_54610_p2                                         | -   |        | add_ln152_18  | add | fabric | 0       |
|    mul_32s_32s_32_1_1_U1166                                         | 3   |        | mul_ln152_19  | mul | auto   | 0       |
|    add_ln152_19_fu_54699_p2                                         | -   |        | add_ln152_19  | add | fabric | 0       |
|    mul_32s_32s_32_1_1_U1167                                         | 3   |        | mul_ln152_20  | mul | auto   | 0       |
|    add_ln152_20_fu_54788_p2                                         | -   |        | add_ln152_20  | add | fabric | 0       |
|    mul_32s_32s_32_1_1_U1168                                         | 3   |        | mul_ln152_21  | mul | auto   | 0       |
|    add_ln152_21_fu_54877_p2                                         | -   |        | add_ln152_21  | add | fabric | 0       |
|    mul_32s_32s_32_1_1_U1169                                         | 3   |        | mul_ln152_22  | mul | auto   | 0       |
|    add_ln152_22_fu_54966_p2                                         | -   |        | add_ln152_22  | add | fabric | 0       |
|    mul_32s_32s_32_1_1_U1170                                         | 3   |        | mul_ln152_23  | mul | auto   | 0       |
|    add_ln152_23_fu_55055_p2                                         | -   |        | add_ln152_23  | add | fabric | 0       |
|    mul_32s_32s_32_1_1_U1171                                         | 3   |        | mul_ln152_24  | mul | auto   | 0       |
|    add_ln152_24_fu_55144_p2                                         | -   |        | add_ln152_24  | add | fabric | 0       |
|    mul_32s_32s_32_1_1_U1172                                         | 3   |        | mul_ln152_25  | mul | auto   | 0       |
|    add_ln152_25_fu_55233_p2                                         | -   |        | add_ln152_25  | add | fabric | 0       |
|    mul_32s_32s_32_1_1_U1173                                         | 3   |        | mul_ln152_26  | mul | auto   | 0       |
|    add_ln152_26_fu_55322_p2                                         | -   |        | add_ln152_26  | add | fabric | 0       |
|    mul_32s_32s_32_1_1_U1174                                         | 3   |        | mul_ln152_27  | mul | auto   | 0       |
|    add_ln152_27_fu_55411_p2                                         | -   |        | add_ln152_27  | add | fabric | 0       |
|    mul_32s_32s_32_1_1_U1175                                         | 3   |        | mul_ln152_28  | mul | auto   | 0       |
|    add_ln152_28_fu_55500_p2                                         | -   |        | add_ln152_28  | add | fabric | 0       |
|    mul_32s_32s_32_1_1_U1176                                         | 3   |        | mul_ln152_29  | mul | auto   | 0       |
|    add_ln152_29_fu_55589_p2                                         | -   |        | add_ln152_29  | add | fabric | 0       |
|    mul_32s_32s_32_1_1_U1177                                         | 3   |        | mul_ln152_30  | mul | auto   | 0       |
|    add_ln152_30_fu_55678_p2                                         | -   |        | add_ln152_30  | add | fabric | 0       |
|    mul_32s_32s_32_1_1_U1178                                         | 3   |        | mul_ln152_31  | mul | auto   | 0       |
|    add_ln152_31_fu_55767_p2                                         | -   |        | add_ln152_31  | add | fabric | 0       |
|    mul_32s_32s_32_1_1_U1179                                         | 3   |        | mul_ln152_32  | mul | auto   | 0       |
|    add_ln152_32_fu_55856_p2                                         | -   |        | add_ln152_32  | add | fabric | 0       |
|    mul_32s_32s_32_1_1_U1180                                         | 3   |        | mul_ln152_33  | mul | auto   | 0       |
|    add_ln152_33_fu_55945_p2                                         | -   |        | add_ln152_33  | add | fabric | 0       |
|    mul_32s_32s_32_1_1_U1181                                         | 3   |        | mul_ln152_34  | mul | auto   | 0       |
|    add_ln152_34_fu_56034_p2                                         | -   |        | add_ln152_34  | add | fabric | 0       |
|    mul_32s_32s_32_1_1_U1182                                         | 3   |        | mul_ln152_35  | mul | auto   | 0       |
|    add_ln152_35_fu_56123_p2                                         | -   |        | add_ln152_35  | add | fabric | 0       |
|    mul_32s_32s_32_1_1_U1183                                         | 3   |        | mul_ln152_36  | mul | auto   | 0       |
|    add_ln152_36_fu_56212_p2                                         | -   |        | add_ln152_36  | add | fabric | 0       |
|    mul_32s_32s_32_1_1_U1184                                         | 3   |        | mul_ln152_37  | mul | auto   | 0       |
|    add_ln152_37_fu_56301_p2                                         | -   |        | add_ln152_37  | add | fabric | 0       |
|    mul_32s_32s_32_1_1_U1185                                         | 3   |        | mul_ln152_38  | mul | auto   | 0       |
|    add_ln152_38_fu_56390_p2                                         | -   |        | add_ln152_38  | add | fabric | 0       |
|    mul_32s_32s_32_1_1_U1186                                         | 3   |        | mul_ln152_39  | mul | auto   | 0       |
|    add_ln152_39_fu_56479_p2                                         | -   |        | add_ln152_39  | add | fabric | 0       |
|    mul_32s_32s_32_1_1_U1187                                         | 3   |        | mul_ln152_40  | mul | auto   | 0       |
|    add_ln152_40_fu_56568_p2                                         | -   |        | add_ln152_40  | add | fabric | 0       |
|    mul_32s_32s_32_1_1_U1188                                         | 3   |        | mul_ln152_41  | mul | auto   | 0       |
|    add_ln152_41_fu_56657_p2                                         | -   |        | add_ln152_41  | add | fabric | 0       |
|    mul_32s_32s_32_1_1_U1189                                         | 3   |        | mul_ln152_42  | mul | auto   | 0       |
|    add_ln152_42_fu_56746_p2                                         | -   |        | add_ln152_42  | add | fabric | 0       |
|    mul_32s_32s_32_1_1_U1190                                         | 3   |        | mul_ln152_43  | mul | auto   | 0       |
|    add_ln152_43_fu_56835_p2                                         | -   |        | add_ln152_43  | add | fabric | 0       |
|    mul_32s_32s_32_1_1_U1191                                         | 3   |        | mul_ln152_44  | mul | auto   | 0       |
|    add_ln152_44_fu_56924_p2                                         | -   |        | add_ln152_44  | add | fabric | 0       |
|    mul_32s_32s_32_1_1_U1192                                         | 3   |        | mul_ln152_45  | mul | auto   | 0       |
|    add_ln152_45_fu_57013_p2                                         | -   |        | add_ln152_45  | add | fabric | 0       |
|    mul_32s_32s_32_1_1_U1193                                         | 3   |        | mul_ln152_46  | mul | auto   | 0       |
|    add_ln152_46_fu_57102_p2                                         | -   |        | add_ln152_46  | add | fabric | 0       |
|    mul_32s_32s_32_1_1_U1194                                         | 3   |        | mul_ln152_47  | mul | auto   | 0       |
|    add_ln152_47_fu_57191_p2                                         | -   |        | add_ln152_47  | add | fabric | 0       |
|    mul_32s_32s_32_1_1_U1195                                         | 3   |        | mul_ln152_48  | mul | auto   | 0       |
|    add_ln152_48_fu_57280_p2                                         | -   |        | add_ln152_48  | add | fabric | 0       |
|    mul_32s_32s_32_1_1_U1196                                         | 3   |        | mul_ln152_49  | mul | auto   | 0       |
|    add_ln152_49_fu_57369_p2                                         | -   |        | add_ln152_49  | add | fabric | 0       |
|    mul_32s_32s_32_1_1_U1197                                         | 3   |        | mul_ln152_50  | mul | auto   | 0       |
|    add_ln152_50_fu_57458_p2                                         | -   |        | add_ln152_50  | add | fabric | 0       |
|    mul_32s_32s_32_1_1_U1198                                         | 3   |        | mul_ln152_51  | mul | auto   | 0       |
|    add_ln152_51_fu_57547_p2                                         | -   |        | add_ln152_51  | add | fabric | 0       |
|    mul_32s_32s_32_1_1_U1199                                         | 3   |        | mul_ln152_52  | mul | auto   | 0       |
|    add_ln152_52_fu_57636_p2                                         | -   |        | add_ln152_52  | add | fabric | 0       |
|    mul_32s_32s_32_1_1_U1200                                         | 3   |        | mul_ln152_53  | mul | auto   | 0       |
|    add_ln152_53_fu_57725_p2                                         | -   |        | add_ln152_53  | add | fabric | 0       |
|    mul_32s_32s_32_1_1_U1201                                         | 3   |        | mul_ln152_54  | mul | auto   | 0       |
|    add_ln152_54_fu_57814_p2                                         | -   |        | add_ln152_54  | add | fabric | 0       |
|    mul_32s_32s_32_1_1_U1202                                         | 3   |        | mul_ln152_55  | mul | auto   | 0       |
|    add_ln152_55_fu_57903_p2                                         | -   |        | add_ln152_55  | add | fabric | 0       |
|    mul_32s_32s_32_1_1_U1203                                         | 3   |        | mul_ln152_56  | mul | auto   | 0       |
|    add_ln152_56_fu_57992_p2                                         | -   |        | add_ln152_56  | add | fabric | 0       |
|    mul_32s_32s_32_1_1_U1204                                         | 3   |        | mul_ln152_57  | mul | auto   | 0       |
|    add_ln152_57_fu_58081_p2                                         | -   |        | add_ln152_57  | add | fabric | 0       |
|    mul_32s_32s_32_1_1_U1205                                         | 3   |        | mul_ln152_58  | mul | auto   | 0       |
|    add_ln152_58_fu_58170_p2                                         | -   |        | add_ln152_58  | add | fabric | 0       |
|    mul_32s_32s_32_1_1_U1206                                         | 3   |        | mul_ln152_59  | mul | auto   | 0       |
|    add_ln152_59_fu_58259_p2                                         | -   |        | add_ln152_59  | add | fabric | 0       |
|    mul_32s_32s_32_1_1_U1207                                         | 3   |        | mul_ln152_60  | mul | auto   | 0       |
|    add_ln152_60_fu_58348_p2                                         | -   |        | add_ln152_60  | add | fabric | 0       |
|    mul_32s_32s_32_1_1_U1208                                         | 3   |        | mul_ln152_61  | mul | auto   | 0       |
|    add_ln152_61_fu_58437_p2                                         | -   |        | add_ln152_61  | add | fabric | 0       |
|    mul_32s_32s_32_1_1_U1209                                         | 3   |        | mul_ln152_62  | mul | auto   | 0       |
|    add_ln152_62_fu_58526_p2                                         | -   |        | add_ln152_62  | add | fabric | 0       |
|    mul_32s_32s_32_1_1_U1210                                         | 3   |        | mul_ln152_63  | mul | auto   | 0       |
|    add_ln152_63_fu_58615_p2                                         | -   |        | add_ln152_63  | add | fabric | 0       |
|    mul_32s_32s_32_1_1_U1211                                         | 3   |        | mul_ln152_64  | mul | auto   | 0       |
|    add_ln152_64_fu_58704_p2                                         | -   |        | add_ln152_64  | add | fabric | 0       |
|    mul_32s_32s_32_1_1_U1212                                         | 3   |        | mul_ln152_65  | mul | auto   | 0       |
|    add_ln152_65_fu_58793_p2                                         | -   |        | add_ln152_65  | add | fabric | 0       |
|    mul_32s_32s_32_1_1_U1213                                         | 3   |        | mul_ln152_66  | mul | auto   | 0       |
|    add_ln152_66_fu_58882_p2                                         | -   |        | add_ln152_66  | add | fabric | 0       |
|    mul_32s_32s_32_1_1_U1214                                         | 3   |        | mul_ln152_67  | mul | auto   | 0       |
|    add_ln152_67_fu_58971_p2                                         | -   |        | add_ln152_67  | add | fabric | 0       |
|    mul_32s_32s_32_1_1_U1215                                         | 3   |        | mul_ln152_68  | mul | auto   | 0       |
|    add_ln152_68_fu_59060_p2                                         | -   |        | add_ln152_68  | add | fabric | 0       |
|    mul_32s_32s_32_1_1_U1216                                         | 3   |        | mul_ln152_69  | mul | auto   | 0       |
|    add_ln152_69_fu_59149_p2                                         | -   |        | add_ln152_69  | add | fabric | 0       |
|    mul_32s_32s_32_1_1_U1217                                         | 3   |        | mul_ln152_70  | mul | auto   | 0       |
|    add_ln152_70_fu_59238_p2                                         | -   |        | add_ln152_70  | add | fabric | 0       |
|    mul_32s_32s_32_1_1_U1218                                         | 3   |        | mul_ln152_71  | mul | auto   | 0       |
|    add_ln152_71_fu_59327_p2                                         | -   |        | add_ln152_71  | add | fabric | 0       |
|    mul_32s_32s_32_1_1_U1219                                         | 3   |        | mul_ln152_72  | mul | auto   | 0       |
|    add_ln152_72_fu_59416_p2                                         | -   |        | add_ln152_72  | add | fabric | 0       |
|    mul_32s_32s_32_1_1_U1220                                         | 3   |        | mul_ln152_73  | mul | auto   | 0       |
|    add_ln152_73_fu_59505_p2                                         | -   |        | add_ln152_73  | add | fabric | 0       |
|    mul_32s_32s_32_1_1_U1221                                         | 3   |        | mul_ln152_74  | mul | auto   | 0       |
|    add_ln152_74_fu_59594_p2                                         | -   |        | add_ln152_74  | add | fabric | 0       |
|    mul_32s_32s_32_1_1_U1222                                         | 3   |        | mul_ln152_75  | mul | auto   | 0       |
|    add_ln152_75_fu_59683_p2                                         | -   |        | add_ln152_75  | add | fabric | 0       |
|    mul_32s_32s_32_1_1_U1223                                         | 3   |        | mul_ln152_76  | mul | auto   | 0       |
|    add_ln152_76_fu_59772_p2                                         | -   |        | add_ln152_76  | add | fabric | 0       |
|    mul_32s_32s_32_1_1_U1224                                         | 3   |        | mul_ln152_77  | mul | auto   | 0       |
|    add_ln152_77_fu_59861_p2                                         | -   |        | add_ln152_77  | add | fabric | 0       |
|    mul_32s_32s_32_1_1_U1225                                         | 3   |        | mul_ln152_78  | mul | auto   | 0       |
|    add_ln152_78_fu_59950_p2                                         | -   |        | add_ln152_78  | add | fabric | 0       |
|    mul_32s_32s_32_1_1_U1226                                         | 3   |        | mul_ln152_79  | mul | auto   | 0       |
|    add_ln152_79_fu_60039_p2                                         | -   |        | add_ln152_79  | add | fabric | 0       |
|    mul_32s_32s_32_1_1_U1227                                         | 3   |        | mul_ln152_80  | mul | auto   | 0       |
|    add_ln152_80_fu_60128_p2                                         | -   |        | add_ln152_80  | add | fabric | 0       |
|    mul_32s_32s_32_1_1_U1228                                         | 3   |        | mul_ln152_81  | mul | auto   | 0       |
|    add_ln152_81_fu_60217_p2                                         | -   |        | add_ln152_81  | add | fabric | 0       |
|    mul_32s_32s_32_1_1_U1229                                         | 3   |        | mul_ln152_82  | mul | auto   | 0       |
|    add_ln152_82_fu_60306_p2                                         | -   |        | add_ln152_82  | add | fabric | 0       |
|    mul_32s_32s_32_1_1_U1230                                         | 3   |        | mul_ln152_83  | mul | auto   | 0       |
|    add_ln152_83_fu_60395_p2                                         | -   |        | add_ln152_83  | add | fabric | 0       |
|    mul_32s_32s_32_1_1_U1231                                         | 3   |        | mul_ln152_84  | mul | auto   | 0       |
|    add_ln152_84_fu_60484_p2                                         | -   |        | add_ln152_84  | add | fabric | 0       |
|    mul_32s_32s_32_1_1_U1232                                         | 3   |        | mul_ln152_85  | mul | auto   | 0       |
|    add_ln152_85_fu_60573_p2                                         | -   |        | add_ln152_85  | add | fabric | 0       |
|    mul_32s_32s_32_1_1_U1233                                         | 3   |        | mul_ln152_86  | mul | auto   | 0       |
|    add_ln152_86_fu_60662_p2                                         | -   |        | add_ln152_86  | add | fabric | 0       |
|    mul_32s_32s_32_1_1_U1234                                         | 3   |        | mul_ln152_87  | mul | auto   | 0       |
|    add_ln152_87_fu_60751_p2                                         | -   |        | add_ln152_87  | add | fabric | 0       |
|    mul_32s_32s_32_1_1_U1235                                         | 3   |        | mul_ln152_88  | mul | auto   | 0       |
|    add_ln152_88_fu_60840_p2                                         | -   |        | add_ln152_88  | add | fabric | 0       |
|    mul_32s_32s_32_1_1_U1236                                         | 3   |        | mul_ln152_89  | mul | auto   | 0       |
|    add_ln152_89_fu_60929_p2                                         | -   |        | add_ln152_89  | add | fabric | 0       |
|    mul_32s_32s_32_1_1_U1237                                         | 3   |        | mul_ln152_90  | mul | auto   | 0       |
|    add_ln152_90_fu_61018_p2                                         | -   |        | add_ln152_90  | add | fabric | 0       |
|    mul_32s_32s_32_1_1_U1238                                         | 3   |        | mul_ln152_91  | mul | auto   | 0       |
|    add_ln152_91_fu_61107_p2                                         | -   |        | add_ln152_91  | add | fabric | 0       |
|    mul_32s_32s_32_1_1_U1239                                         | 3   |        | mul_ln152_92  | mul | auto   | 0       |
|    add_ln152_92_fu_61196_p2                                         | -   |        | add_ln152_92  | add | fabric | 0       |
|    mul_32s_32s_32_1_1_U1240                                         | 3   |        | mul_ln152_93  | mul | auto   | 0       |
|    add_ln152_93_fu_61285_p2                                         | -   |        | add_ln152_93  | add | fabric | 0       |
|    mul_32s_32s_32_1_1_U1241                                         | 3   |        | mul_ln152_94  | mul | auto   | 0       |
|    add_ln152_94_fu_61374_p2                                         | -   |        | add_ln152_94  | add | fabric | 0       |
|    mul_32s_32s_32_1_1_U1242                                         | 3   |        | mul_ln152_95  | mul | auto   | 0       |
|    add_ln152_95_fu_61463_p2                                         | -   |        | add_ln152_95  | add | fabric | 0       |
|    mul_32s_32s_32_1_1_U1243                                         | 3   |        | mul_ln152_96  | mul | auto   | 0       |
|    add_ln152_96_fu_61552_p2                                         | -   |        | add_ln152_96  | add | fabric | 0       |
|    mul_32s_32s_32_1_1_U1244                                         | 3   |        | mul_ln152_97  | mul | auto   | 0       |
|    add_ln152_97_fu_61641_p2                                         | -   |        | add_ln152_97  | add | fabric | 0       |
|    mul_32s_32s_32_1_1_U1245                                         | 3   |        | mul_ln152_98  | mul | auto   | 0       |
|    add_ln152_98_fu_61730_p2                                         | -   |        | add_ln152_98  | add | fabric | 0       |
|    mul_32s_32s_32_1_1_U1246                                         | 3   |        | mul_ln152_99  | mul | auto   | 0       |
|    add_ln152_99_fu_61819_p2                                         | -   |        | add_ln152_99  | add | fabric | 0       |
|    mul_32s_32s_32_1_1_U1247                                         | 3   |        | mul_ln152_100 | mul | auto   | 0       |
|    add_ln152_100_fu_61908_p2                                        | -   |        | add_ln152_100 | add | fabric | 0       |
|    mul_32s_32s_32_1_1_U1248                                         | 3   |        | mul_ln152_101 | mul | auto   | 0       |
|    add_ln152_101_fu_61997_p2                                        | -   |        | add_ln152_101 | add | fabric | 0       |
|    mul_32s_32s_32_1_1_U1249                                         | 3   |        | mul_ln152_102 | mul | auto   | 0       |
|    add_ln152_102_fu_62086_p2                                        | -   |        | add_ln152_102 | add | fabric | 0       |
|    mul_32s_32s_32_1_1_U1250                                         | 3   |        | mul_ln152_103 | mul | auto   | 0       |
|    add_ln152_103_fu_62175_p2                                        | -   |        | add_ln152_103 | add | fabric | 0       |
|    mul_32s_32s_32_1_1_U1251                                         | 3   |        | mul_ln152_104 | mul | auto   | 0       |
|    add_ln152_104_fu_62264_p2                                        | -   |        | add_ln152_104 | add | fabric | 0       |
|    mul_32s_32s_32_1_1_U1252                                         | 3   |        | mul_ln152_105 | mul | auto   | 0       |
|    add_ln152_105_fu_62353_p2                                        | -   |        | add_ln152_105 | add | fabric | 0       |
|    mul_32s_32s_32_1_1_U1253                                         | 3   |        | mul_ln152_106 | mul | auto   | 0       |
|    add_ln152_106_fu_62442_p2                                        | -   |        | add_ln152_106 | add | fabric | 0       |
|    mul_32s_32s_32_1_1_U1254                                         | 3   |        | mul_ln152_107 | mul | auto   | 0       |
|    add_ln152_107_fu_62531_p2                                        | -   |        | add_ln152_107 | add | fabric | 0       |
|    mul_32s_32s_32_1_1_U1255                                         | 3   |        | mul_ln152_108 | mul | auto   | 0       |
|    add_ln152_108_fu_62620_p2                                        | -   |        | add_ln152_108 | add | fabric | 0       |
|    mul_32s_32s_32_1_1_U1256                                         | 3   |        | mul_ln152_109 | mul | auto   | 0       |
|    add_ln152_109_fu_62709_p2                                        | -   |        | add_ln152_109 | add | fabric | 0       |
|    mul_32s_32s_32_1_1_U1257                                         | 3   |        | mul_ln152_110 | mul | auto   | 0       |
|    add_ln152_110_fu_62798_p2                                        | -   |        | add_ln152_110 | add | fabric | 0       |
|    mul_32s_32s_32_1_1_U1258                                         | 3   |        | mul_ln152_111 | mul | auto   | 0       |
|    add_ln152_111_fu_62887_p2                                        | -   |        | add_ln152_111 | add | fabric | 0       |
|    mul_32s_32s_32_1_1_U1259                                         | 3   |        | mul_ln152_112 | mul | auto   | 0       |
|    add_ln152_112_fu_62976_p2                                        | -   |        | add_ln152_112 | add | fabric | 0       |
|    mul_32s_32s_32_1_1_U1260                                         | 3   |        | mul_ln152_113 | mul | auto   | 0       |
|    add_ln152_113_fu_63065_p2                                        | -   |        | add_ln152_113 | add | fabric | 0       |
|    mul_32s_32s_32_1_1_U1261                                         | 3   |        | mul_ln152_114 | mul | auto   | 0       |
|    add_ln152_114_fu_63154_p2                                        | -   |        | add_ln152_114 | add | fabric | 0       |
|    mul_32s_32s_32_1_1_U1262                                         | 3   |        | mul_ln152_115 | mul | auto   | 0       |
|    add_ln152_115_fu_63243_p2                                        | -   |        | add_ln152_115 | add | fabric | 0       |
|    mul_32s_32s_32_1_1_U1263                                         | 3   |        | mul_ln152_116 | mul | auto   | 0       |
|    add_ln152_116_fu_63332_p2                                        | -   |        | add_ln152_116 | add | fabric | 0       |
|    mul_32s_32s_32_1_1_U1264                                         | 3   |        | mul_ln152_117 | mul | auto   | 0       |
|    add_ln152_117_fu_63421_p2                                        | -   |        | add_ln152_117 | add | fabric | 0       |
|    mul_32s_32s_32_1_1_U1265                                         | 3   |        | mul_ln152_118 | mul | auto   | 0       |
|    add_ln152_118_fu_63510_p2                                        | -   |        | add_ln152_118 | add | fabric | 0       |
|    mul_32s_32s_32_1_1_U1266                                         | 3   |        | mul_ln152_119 | mul | auto   | 0       |
|    add_ln152_119_fu_63599_p2                                        | -   |        | add_ln152_119 | add | fabric | 0       |
|    mul_32s_32s_32_1_1_U1267                                         | 3   |        | mul_ln152_120 | mul | auto   | 0       |
|    add_ln152_120_fu_63688_p2                                        | -   |        | add_ln152_120 | add | fabric | 0       |
|    mul_32s_32s_32_1_1_U1268                                         | 3   |        | mul_ln152_121 | mul | auto   | 0       |
|    add_ln152_121_fu_63777_p2                                        | -   |        | add_ln152_121 | add | fabric | 0       |
|    mul_32s_32s_32_1_1_U1269                                         | 3   |        | mul_ln152_122 | mul | auto   | 0       |
|    add_ln152_122_fu_63866_p2                                        | -   |        | add_ln152_122 | add | fabric | 0       |
|    mul_32s_32s_32_1_1_U1270                                         | 3   |        | mul_ln152_123 | mul | auto   | 0       |
|    add_ln152_123_fu_63955_p2                                        | -   |        | add_ln152_123 | add | fabric | 0       |
|    mul_32s_32s_32_1_1_U1271                                         | 3   |        | mul_ln152_124 | mul | auto   | 0       |
|    add_ln152_124_fu_64044_p2                                        | -   |        | add_ln152_124 | add | fabric | 0       |
|    mul_32s_32s_32_1_1_U1272                                         | 3   |        | mul_ln152_125 | mul | auto   | 0       |
|    add_ln152_125_fu_64133_p2                                        | -   |        | add_ln152_125 | add | fabric | 0       |
|    mul_32s_32s_32_1_1_U1273                                         | 3   |        | mul_ln152_126 | mul | auto   | 0       |
|    add_ln152_126_fu_64222_p2                                        | -   |        | add_ln152_126 | add | fabric | 0       |
|    mul_32s_32s_32_1_1_U1274                                         | 3   |        | mul_ln152_127 | mul | auto   | 0       |
|    add_ln152_127_fu_64311_p2                                        | -   |        | add_ln152_127 | add | fabric | 0       |
|    mul_32s_32s_32_1_1_U1275                                         | 3   |        | mul_ln152_128 | mul | auto   | 0       |
|    add_ln152_128_fu_64400_p2                                        | -   |        | add_ln152_128 | add | fabric | 0       |
|    mul_32s_32s_32_1_1_U1276                                         | 3   |        | mul_ln152_129 | mul | auto   | 0       |
|    add_ln152_129_fu_64489_p2                                        | -   |        | add_ln152_129 | add | fabric | 0       |
|    mul_32s_32s_32_1_1_U1277                                         | 3   |        | mul_ln152_130 | mul | auto   | 0       |
|    add_ln152_130_fu_64578_p2                                        | -   |        | add_ln152_130 | add | fabric | 0       |
|    mul_32s_32s_32_1_1_U1278                                         | 3   |        | mul_ln152_131 | mul | auto   | 0       |
|    add_ln152_131_fu_64667_p2                                        | -   |        | add_ln152_131 | add | fabric | 0       |
|    mul_32s_32s_32_1_1_U1279                                         | 3   |        | mul_ln152_132 | mul | auto   | 0       |
|    add_ln152_132_fu_64756_p2                                        | -   |        | add_ln152_132 | add | fabric | 0       |
|    mul_32s_32s_32_1_1_U1280                                         | 3   |        | mul_ln152_133 | mul | auto   | 0       |
|    add_ln152_133_fu_64845_p2                                        | -   |        | add_ln152_133 | add | fabric | 0       |
|    mul_32s_32s_32_1_1_U1281                                         | 3   |        | mul_ln152_134 | mul | auto   | 0       |
|    add_ln152_134_fu_64934_p2                                        | -   |        | add_ln152_134 | add | fabric | 0       |
|    mul_32s_32s_32_1_1_U1282                                         | 3   |        | mul_ln152_135 | mul | auto   | 0       |
|    add_ln152_135_fu_65023_p2                                        | -   |        | add_ln152_135 | add | fabric | 0       |
|    mul_32s_32s_32_1_1_U1283                                         | 3   |        | mul_ln152_136 | mul | auto   | 0       |
|    add_ln152_136_fu_65112_p2                                        | -   |        | add_ln152_136 | add | fabric | 0       |
|    mul_32s_32s_32_1_1_U1284                                         | 3   |        | mul_ln152_137 | mul | auto   | 0       |
|    add_ln152_137_fu_65201_p2                                        | -   |        | add_ln152_137 | add | fabric | 0       |
|    mul_32s_32s_32_1_1_U1285                                         | 3   |        | mul_ln152_138 | mul | auto   | 0       |
|    add_ln152_138_fu_65290_p2                                        | -   |        | add_ln152_138 | add | fabric | 0       |
|    mul_32s_32s_32_1_1_U1286                                         | 3   |        | mul_ln152_139 | mul | auto   | 0       |
|    add_ln152_139_fu_65379_p2                                        | -   |        | add_ln152_139 | add | fabric | 0       |
|    mul_32s_32s_32_1_1_U1287                                         | 3   |        | mul_ln152_140 | mul | auto   | 0       |
|    add_ln152_140_fu_65468_p2                                        | -   |        | add_ln152_140 | add | fabric | 0       |
|    mul_32s_32s_32_1_1_U1288                                         | 3   |        | mul_ln152_141 | mul | auto   | 0       |
|    add_ln152_141_fu_65557_p2                                        | -   |        | add_ln152_141 | add | fabric | 0       |
|    mul_32s_32s_32_1_1_U1289                                         | 3   |        | mul_ln152_142 | mul | auto   | 0       |
|    add_ln152_142_fu_65646_p2                                        | -   |        | add_ln152_142 | add | fabric | 0       |
|    mul_32s_32s_32_1_1_U1290                                         | 3   |        | mul_ln152_143 | mul | auto   | 0       |
|    add_ln152_143_fu_65735_p2                                        | -   |        | add_ln152_143 | add | fabric | 0       |
|    mul_32s_32s_32_1_1_U1291                                         | 3   |        | mul_ln152_144 | mul | auto   | 0       |
|    add_ln152_144_fu_65824_p2                                        | -   |        | add_ln152_144 | add | fabric | 0       |
|    mul_32s_32s_32_1_1_U1292                                         | 3   |        | mul_ln152_145 | mul | auto   | 0       |
|    add_ln152_145_fu_65913_p2                                        | -   |        | add_ln152_145 | add | fabric | 0       |
|    mul_32s_32s_32_1_1_U1293                                         | 3   |        | mul_ln152_146 | mul | auto   | 0       |
|    add_ln152_146_fu_66002_p2                                        | -   |        | add_ln152_146 | add | fabric | 0       |
|    mul_32s_32s_32_1_1_U1294                                         | 3   |        | mul_ln152_147 | mul | auto   | 0       |
|    add_ln152_147_fu_66091_p2                                        | -   |        | add_ln152_147 | add | fabric | 0       |
|    mul_32s_32s_32_1_1_U1295                                         | 3   |        | mul_ln152_148 | mul | auto   | 0       |
|    add_ln152_148_fu_66180_p2                                        | -   |        | add_ln152_148 | add | fabric | 0       |
|    mul_32s_32s_32_1_1_U1296                                         | 3   |        | mul_ln152_149 | mul | auto   | 0       |
|    add_ln152_149_fu_66269_p2                                        | -   |        | add_ln152_149 | add | fabric | 0       |
|    mul_32s_32s_32_1_1_U1297                                         | 3   |        | mul_ln152_150 | mul | auto   | 0       |
|    add_ln152_150_fu_66358_p2                                        | -   |        | add_ln152_150 | add | fabric | 0       |
|    mul_32s_32s_32_1_1_U1298                                         | 3   |        | mul_ln152_151 | mul | auto   | 0       |
|    add_ln152_151_fu_66447_p2                                        | -   |        | add_ln152_151 | add | fabric | 0       |
|    mul_32s_32s_32_1_1_U1299                                         | 3   |        | mul_ln152_152 | mul | auto   | 0       |
|    add_ln152_152_fu_66536_p2                                        | -   |        | add_ln152_152 | add | fabric | 0       |
|    mul_32s_32s_32_1_1_U1300                                         | 3   |        | mul_ln152_153 | mul | auto   | 0       |
|    add_ln152_153_fu_66625_p2                                        | -   |        | add_ln152_153 | add | fabric | 0       |
|    mul_32s_32s_32_1_1_U1301                                         | 3   |        | mul_ln152_154 | mul | auto   | 0       |
|    add_ln152_154_fu_66714_p2                                        | -   |        | add_ln152_154 | add | fabric | 0       |
|    mul_32s_32s_32_1_1_U1302                                         | 3   |        | mul_ln152_155 | mul | auto   | 0       |
|    add_ln152_155_fu_66803_p2                                        | -   |        | add_ln152_155 | add | fabric | 0       |
|    mul_32s_32s_32_1_1_U1303                                         | 3   |        | mul_ln152_156 | mul | auto   | 0       |
|    add_ln152_156_fu_66892_p2                                        | -   |        | add_ln152_156 | add | fabric | 0       |
|    mul_32s_32s_32_1_1_U1304                                         | 3   |        | mul_ln152_157 | mul | auto   | 0       |
|    add_ln152_157_fu_66981_p2                                        | -   |        | add_ln152_157 | add | fabric | 0       |
|    mul_32s_32s_32_1_1_U1305                                         | 3   |        | mul_ln152_158 | mul | auto   | 0       |
|    add_ln152_158_fu_67070_p2                                        | -   |        | add_ln152_158 | add | fabric | 0       |
|    mul_32s_32s_32_1_1_U1306                                         | 3   |        | mul_ln152_159 | mul | auto   | 0       |
|    add_ln152_159_fu_67159_p2                                        | -   |        | add_ln152_159 | add | fabric | 0       |
|    mul_32s_32s_32_1_1_U1307                                         | 3   |        | mul_ln152_160 | mul | auto   | 0       |
|    add_ln152_160_fu_67248_p2                                        | -   |        | add_ln152_160 | add | fabric | 0       |
|    mul_32s_32s_32_1_1_U1308                                         | 3   |        | mul_ln152_161 | mul | auto   | 0       |
|    add_ln152_161_fu_67337_p2                                        | -   |        | add_ln152_161 | add | fabric | 0       |
|    mul_32s_32s_32_1_1_U1309                                         | 3   |        | mul_ln152_162 | mul | auto   | 0       |
|    add_ln152_162_fu_67426_p2                                        | -   |        | add_ln152_162 | add | fabric | 0       |
|    mul_32s_32s_32_1_1_U1310                                         | 3   |        | mul_ln152_163 | mul | auto   | 0       |
|    add_ln152_163_fu_67515_p2                                        | -   |        | add_ln152_163 | add | fabric | 0       |
|    mul_32s_32s_32_1_1_U1311                                         | 3   |        | mul_ln152_164 | mul | auto   | 0       |
|    add_ln152_164_fu_67604_p2                                        | -   |        | add_ln152_164 | add | fabric | 0       |
|    mul_32s_32s_32_1_1_U1312                                         | 3   |        | mul_ln152_165 | mul | auto   | 0       |
|    add_ln152_165_fu_67693_p2                                        | -   |        | add_ln152_165 | add | fabric | 0       |
|    mul_32s_32s_32_1_1_U1313                                         | 3   |        | mul_ln152_166 | mul | auto   | 0       |
|    add_ln152_166_fu_67782_p2                                        | -   |        | add_ln152_166 | add | fabric | 0       |
|    mul_32s_32s_32_1_1_U1314                                         | 3   |        | mul_ln152_167 | mul | auto   | 0       |
|    add_ln152_167_fu_67871_p2                                        | -   |        | add_ln152_167 | add | fabric | 0       |
|    mul_32s_32s_32_1_1_U1315                                         | 3   |        | mul_ln152_168 | mul | auto   | 0       |
|    add_ln152_168_fu_67960_p2                                        | -   |        | add_ln152_168 | add | fabric | 0       |
|    mul_32s_32s_32_1_1_U1316                                         | 3   |        | mul_ln152_169 | mul | auto   | 0       |
|    add_ln152_169_fu_68049_p2                                        | -   |        | add_ln152_169 | add | fabric | 0       |
|    mul_32s_32s_32_1_1_U1317                                         | 3   |        | mul_ln152_170 | mul | auto   | 0       |
|    add_ln152_170_fu_68138_p2                                        | -   |        | add_ln152_170 | add | fabric | 0       |
|    mul_32s_32s_32_1_1_U1318                                         | 3   |        | mul_ln152_171 | mul | auto   | 0       |
|    add_ln152_171_fu_68227_p2                                        | -   |        | add_ln152_171 | add | fabric | 0       |
|    mul_32s_32s_32_1_1_U1319                                         | 3   |        | mul_ln152_172 | mul | auto   | 0       |
|    add_ln152_172_fu_68316_p2                                        | -   |        | add_ln152_172 | add | fabric | 0       |
|    mul_32s_32s_32_1_1_U1320                                         | 3   |        | mul_ln152_173 | mul | auto   | 0       |
|    add_ln152_173_fu_68405_p2                                        | -   |        | add_ln152_173 | add | fabric | 0       |
|    mul_32s_32s_32_1_1_U1321                                         | 3   |        | mul_ln152_174 | mul | auto   | 0       |
|    add_ln152_174_fu_68494_p2                                        | -   |        | add_ln152_174 | add | fabric | 0       |
|    mul_32s_32s_32_1_1_U1322                                         | 3   |        | mul_ln152_175 | mul | auto   | 0       |
|    add_ln152_175_fu_68583_p2                                        | -   |        | add_ln152_175 | add | fabric | 0       |
|    mul_32s_32s_32_1_1_U1323                                         | 3   |        | mul_ln152_176 | mul | auto   | 0       |
|    add_ln152_176_fu_68672_p2                                        | -   |        | add_ln152_176 | add | fabric | 0       |
|    mul_32s_32s_32_1_1_U1324                                         | 3   |        | mul_ln152_177 | mul | auto   | 0       |
|    add_ln152_177_fu_68761_p2                                        | -   |        | add_ln152_177 | add | fabric | 0       |
|    mul_32s_32s_32_1_1_U1325                                         | 3   |        | mul_ln152_178 | mul | auto   | 0       |
|    add_ln152_178_fu_68850_p2                                        | -   |        | add_ln152_178 | add | fabric | 0       |
|    mul_32s_32s_32_1_1_U1326                                         | 3   |        | mul_ln152_179 | mul | auto   | 0       |
|    add_ln152_179_fu_68939_p2                                        | -   |        | add_ln152_179 | add | fabric | 0       |
|    mul_32s_32s_32_1_1_U1327                                         | 3   |        | mul_ln152_180 | mul | auto   | 0       |
|    add_ln152_180_fu_69028_p2                                        | -   |        | add_ln152_180 | add | fabric | 0       |
|    mul_32s_32s_32_1_1_U1328                                         | 3   |        | mul_ln152_181 | mul | auto   | 0       |
|    add_ln152_181_fu_69117_p2                                        | -   |        | add_ln152_181 | add | fabric | 0       |
|    mul_32s_32s_32_1_1_U1329                                         | 3   |        | mul_ln152_182 | mul | auto   | 0       |
|    add_ln152_182_fu_69206_p2                                        | -   |        | add_ln152_182 | add | fabric | 0       |
|    mul_32s_32s_32_1_1_U1330                                         | 3   |        | mul_ln152_183 | mul | auto   | 0       |
|    add_ln152_183_fu_69295_p2                                        | -   |        | add_ln152_183 | add | fabric | 0       |
|    mul_32s_32s_32_1_1_U1331                                         | 3   |        | mul_ln152_184 | mul | auto   | 0       |
|    add_ln152_184_fu_69384_p2                                        | -   |        | add_ln152_184 | add | fabric | 0       |
|    mul_32s_32s_32_1_1_U1332                                         | 3   |        | mul_ln152_185 | mul | auto   | 0       |
|    add_ln152_185_fu_69473_p2                                        | -   |        | add_ln152_185 | add | fabric | 0       |
|    mul_32s_32s_32_1_1_U1333                                         | 3   |        | mul_ln152_186 | mul | auto   | 0       |
|    add_ln152_186_fu_69562_p2                                        | -   |        | add_ln152_186 | add | fabric | 0       |
|    mul_32s_32s_32_1_1_U1334                                         | 3   |        | mul_ln152_187 | mul | auto   | 0       |
|    add_ln152_187_fu_69651_p2                                        | -   |        | add_ln152_187 | add | fabric | 0       |
|    mul_32s_32s_32_1_1_U1335                                         | 3   |        | mul_ln152_188 | mul | auto   | 0       |
|    add_ln152_188_fu_69740_p2                                        | -   |        | add_ln152_188 | add | fabric | 0       |
|    mul_32s_32s_32_1_1_U1336                                         | 3   |        | mul_ln152_189 | mul | auto   | 0       |
|    add_ln152_189_fu_69829_p2                                        | -   |        | add_ln152_189 | add | fabric | 0       |
|    mul_32s_32s_32_1_1_U1337                                         | 3   |        | mul_ln152_190 | mul | auto   | 0       |
|    add_ln152_190_fu_69918_p2                                        | -   |        | add_ln152_190 | add | fabric | 0       |
|    mul_32s_32s_32_1_1_U1338                                         | 3   |        | mul_ln152_191 | mul | auto   | 0       |
|    add_ln152_191_fu_70007_p2                                        | -   |        | add_ln152_191 | add | fabric | 0       |
|    mul_32s_32s_32_1_1_U1339                                         | 3   |        | mul_ln152_192 | mul | auto   | 0       |
|    add_ln152_192_fu_70096_p2                                        | -   |        | add_ln152_192 | add | fabric | 0       |
|    mul_32s_32s_32_1_1_U1340                                         | 3   |        | mul_ln152_193 | mul | auto   | 0       |
|    add_ln152_193_fu_70185_p2                                        | -   |        | add_ln152_193 | add | fabric | 0       |
|    mul_32s_32s_32_1_1_U1341                                         | 3   |        | mul_ln152_194 | mul | auto   | 0       |
|    add_ln152_194_fu_70274_p2                                        | -   |        | add_ln152_194 | add | fabric | 0       |
|    mul_32s_32s_32_1_1_U1342                                         | 3   |        | mul_ln152_195 | mul | auto   | 0       |
|    add_ln152_195_fu_70363_p2                                        | -   |        | add_ln152_195 | add | fabric | 0       |
|    mul_32s_32s_32_1_1_U1343                                         | 3   |        | mul_ln152_196 | mul | auto   | 0       |
|    add_ln152_196_fu_70452_p2                                        | -   |        | add_ln152_196 | add | fabric | 0       |
|    mul_32s_32s_32_1_1_U1344                                         | 3   |        | mul_ln152_197 | mul | auto   | 0       |
|    add_ln152_197_fu_70541_p2                                        | -   |        | add_ln152_197 | add | fabric | 0       |
|    mul_32s_32s_32_1_1_U1345                                         | 3   |        | mul_ln152_198 | mul | auto   | 0       |
|    add_ln152_198_fu_70630_p2                                        | -   |        | add_ln152_198 | add | fabric | 0       |
|    mul_32s_32s_32_1_1_U1346                                         | 3   |        | mul_ln152_199 | mul | auto   | 0       |
|    add_ln152_199_fu_70719_p2                                        | -   |        | add_ln152_199 | add | fabric | 0       |
|    mul_32s_32s_32_1_1_U1347                                         | 3   |        | mul_ln152_200 | mul | auto   | 0       |
|    add_ln152_200_fu_70808_p2                                        | -   |        | add_ln152_200 | add | fabric | 0       |
|    mul_32s_32s_32_1_1_U1348                                         | 3   |        | mul_ln152_201 | mul | auto   | 0       |
|    add_ln152_201_fu_70897_p2                                        | -   |        | add_ln152_201 | add | fabric | 0       |
|    mul_32s_32s_32_1_1_U1349                                         | 3   |        | mul_ln152_202 | mul | auto   | 0       |
|    add_ln152_202_fu_70986_p2                                        | -   |        | add_ln152_202 | add | fabric | 0       |
|    mul_32s_32s_32_1_1_U1350                                         | 3   |        | mul_ln152_203 | mul | auto   | 0       |
|    add_ln152_203_fu_71075_p2                                        | -   |        | add_ln152_203 | add | fabric | 0       |
|    mul_32s_32s_32_1_1_U1351                                         | 3   |        | mul_ln152_204 | mul | auto   | 0       |
|    add_ln152_204_fu_71164_p2                                        | -   |        | add_ln152_204 | add | fabric | 0       |
|    mul_32s_32s_32_1_1_U1352                                         | 3   |        | mul_ln152_205 | mul | auto   | 0       |
|    add_ln152_205_fu_71253_p2                                        | -   |        | add_ln152_205 | add | fabric | 0       |
|    mul_32s_32s_32_1_1_U1353                                         | 3   |        | mul_ln152_206 | mul | auto   | 0       |
|    add_ln152_206_fu_71342_p2                                        | -   |        | add_ln152_206 | add | fabric | 0       |
|    mul_32s_32s_32_1_1_U1354                                         | 3   |        | mul_ln152_207 | mul | auto   | 0       |
|    add_ln152_207_fu_71431_p2                                        | -   |        | add_ln152_207 | add | fabric | 0       |
|    mul_32s_32s_32_1_1_U1355                                         | 3   |        | mul_ln152_208 | mul | auto   | 0       |
|    add_ln152_208_fu_71520_p2                                        | -   |        | add_ln152_208 | add | fabric | 0       |
|    mul_32s_32s_32_1_1_U1356                                         | 3   |        | mul_ln152_209 | mul | auto   | 0       |
|    add_ln152_209_fu_71609_p2                                        | -   |        | add_ln152_209 | add | fabric | 0       |
|    mul_32s_32s_32_1_1_U1357                                         | 3   |        | mul_ln152_210 | mul | auto   | 0       |
|    add_ln152_210_fu_71698_p2                                        | -   |        | add_ln152_210 | add | fabric | 0       |
|    mul_32s_32s_32_1_1_U1358                                         | 3   |        | mul_ln152_211 | mul | auto   | 0       |
|    add_ln152_211_fu_71787_p2                                        | -   |        | add_ln152_211 | add | fabric | 0       |
|    mul_32s_32s_32_1_1_U1359                                         | 3   |        | mul_ln152_212 | mul | auto   | 0       |
|    add_ln152_212_fu_71876_p2                                        | -   |        | add_ln152_212 | add | fabric | 0       |
|    mul_32s_32s_32_1_1_U1360                                         | 3   |        | mul_ln152_213 | mul | auto   | 0       |
|    add_ln152_213_fu_71965_p2                                        | -   |        | add_ln152_213 | add | fabric | 0       |
|    mul_32s_32s_32_1_1_U1361                                         | 3   |        | mul_ln152_214 | mul | auto   | 0       |
|    add_ln152_214_fu_72054_p2                                        | -   |        | add_ln152_214 | add | fabric | 0       |
|    mul_32s_32s_32_1_1_U1362                                         | 3   |        | mul_ln152_215 | mul | auto   | 0       |
|    add_ln152_215_fu_72143_p2                                        | -   |        | add_ln152_215 | add | fabric | 0       |
|    mul_32s_32s_32_1_1_U1363                                         | 3   |        | mul_ln152_216 | mul | auto   | 0       |
|    add_ln152_216_fu_72232_p2                                        | -   |        | add_ln152_216 | add | fabric | 0       |
|    mul_32s_32s_32_1_1_U1364                                         | 3   |        | mul_ln152_217 | mul | auto   | 0       |
|    add_ln152_217_fu_72321_p2                                        | -   |        | add_ln152_217 | add | fabric | 0       |
|    mul_32s_32s_32_1_1_U1365                                         | 3   |        | mul_ln152_218 | mul | auto   | 0       |
|    add_ln152_218_fu_72410_p2                                        | -   |        | add_ln152_218 | add | fabric | 0       |
|    mul_32s_32s_32_1_1_U1366                                         | 3   |        | mul_ln152_219 | mul | auto   | 0       |
|    add_ln152_219_fu_72499_p2                                        | -   |        | add_ln152_219 | add | fabric | 0       |
|    mul_32s_32s_32_1_1_U1367                                         | 3   |        | mul_ln152_220 | mul | auto   | 0       |
|    add_ln152_220_fu_72588_p2                                        | -   |        | add_ln152_220 | add | fabric | 0       |
|    mul_32s_32s_32_1_1_U1368                                         | 3   |        | mul_ln152_221 | mul | auto   | 0       |
|    add_ln152_221_fu_72677_p2                                        | -   |        | add_ln152_221 | add | fabric | 0       |
|    mul_32s_32s_32_1_1_U1369                                         | 3   |        | mul_ln152_222 | mul | auto   | 0       |
|    add_ln152_222_fu_72766_p2                                        | -   |        | add_ln152_222 | add | fabric | 0       |
|    mul_32s_32s_32_1_1_U1370                                         | 3   |        | mul_ln152_223 | mul | auto   | 0       |
|    add_ln152_223_fu_72855_p2                                        | -   |        | add_ln152_223 | add | fabric | 0       |
|    mul_32s_32s_32_1_1_U1371                                         | 3   |        | mul_ln152_224 | mul | auto   | 0       |
|    add_ln152_224_fu_72944_p2                                        | -   |        | add_ln152_224 | add | fabric | 0       |
|    mul_32s_32s_32_1_1_U1372                                         | 3   |        | mul_ln152_225 | mul | auto   | 0       |
|    add_ln152_225_fu_73033_p2                                        | -   |        | add_ln152_225 | add | fabric | 0       |
|    mul_32s_32s_32_1_1_U1373                                         | 3   |        | mul_ln152_226 | mul | auto   | 0       |
|    add_ln152_226_fu_73122_p2                                        | -   |        | add_ln152_226 | add | fabric | 0       |
|    mul_32s_32s_32_1_1_U1374                                         | 3   |        | mul_ln152_227 | mul | auto   | 0       |
|    add_ln152_227_fu_73211_p2                                        | -   |        | add_ln152_227 | add | fabric | 0       |
|    mul_32s_32s_32_1_1_U1375                                         | 3   |        | mul_ln152_228 | mul | auto   | 0       |
|    add_ln152_228_fu_73300_p2                                        | -   |        | add_ln152_228 | add | fabric | 0       |
|    mul_32s_32s_32_1_1_U1376                                         | 3   |        | mul_ln152_229 | mul | auto   | 0       |
|    add_ln152_229_fu_73389_p2                                        | -   |        | add_ln152_229 | add | fabric | 0       |
|    mul_32s_32s_32_1_1_U1377                                         | 3   |        | mul_ln152_230 | mul | auto   | 0       |
|    add_ln152_230_fu_73478_p2                                        | -   |        | add_ln152_230 | add | fabric | 0       |
|    mul_32s_32s_32_1_1_U1378                                         | 3   |        | mul_ln152_231 | mul | auto   | 0       |
|    add_ln152_231_fu_73567_p2                                        | -   |        | add_ln152_231 | add | fabric | 0       |
|    mul_32s_32s_32_1_1_U1379                                         | 3   |        | mul_ln152_232 | mul | auto   | 0       |
|    add_ln152_232_fu_73656_p2                                        | -   |        | add_ln152_232 | add | fabric | 0       |
|    mul_32s_32s_32_1_1_U1380                                         | 3   |        | mul_ln152_233 | mul | auto   | 0       |
|    add_ln152_233_fu_73745_p2                                        | -   |        | add_ln152_233 | add | fabric | 0       |
|    mul_32s_32s_32_1_1_U1381                                         | 3   |        | mul_ln152_234 | mul | auto   | 0       |
|    add_ln152_234_fu_73834_p2                                        | -   |        | add_ln152_234 | add | fabric | 0       |
|    mul_32s_32s_32_1_1_U1382                                         | 3   |        | mul_ln152_235 | mul | auto   | 0       |
|    add_ln152_235_fu_73923_p2                                        | -   |        | add_ln152_235 | add | fabric | 0       |
|    mul_32s_32s_32_1_1_U1383                                         | 3   |        | mul_ln152_236 | mul | auto   | 0       |
|    add_ln152_236_fu_74012_p2                                        | -   |        | add_ln152_236 | add | fabric | 0       |
|    mul_32s_32s_32_1_1_U1384                                         | 3   |        | mul_ln152_237 | mul | auto   | 0       |
|    add_ln152_237_fu_74101_p2                                        | -   |        | add_ln152_237 | add | fabric | 0       |
|    mul_32s_32s_32_1_1_U1385                                         | 3   |        | mul_ln152_238 | mul | auto   | 0       |
|    add_ln152_238_fu_74190_p2                                        | -   |        | add_ln152_238 | add | fabric | 0       |
|    mul_32s_32s_32_1_1_U1386                                         | 3   |        | mul_ln152_239 | mul | auto   | 0       |
|    add_ln152_239_fu_74279_p2                                        | -   |        | add_ln152_239 | add | fabric | 0       |
|    mul_32s_32s_32_1_1_U1387                                         | 3   |        | mul_ln152_240 | mul | auto   | 0       |
|    add_ln152_240_fu_74368_p2                                        | -   |        | add_ln152_240 | add | fabric | 0       |
|    mul_32s_32s_32_1_1_U1388                                         | 3   |        | mul_ln152_241 | mul | auto   | 0       |
|    add_ln152_241_fu_74457_p2                                        | -   |        | add_ln152_241 | add | fabric | 0       |
|    mul_32s_32s_32_1_1_U1389                                         | 3   |        | mul_ln152_242 | mul | auto   | 0       |
|    add_ln152_242_fu_74546_p2                                        | -   |        | add_ln152_242 | add | fabric | 0       |
|    mul_32s_32s_32_1_1_U1390                                         | 3   |        | mul_ln152_243 | mul | auto   | 0       |
|    add_ln152_243_fu_74635_p2                                        | -   |        | add_ln152_243 | add | fabric | 0       |
|    mul_32s_32s_32_1_1_U1391                                         | 3   |        | mul_ln152_244 | mul | auto   | 0       |
|    add_ln152_244_fu_74724_p2                                        | -   |        | add_ln152_244 | add | fabric | 0       |
|    mul_32s_32s_32_1_1_U1392                                         | 3   |        | mul_ln152_245 | mul | auto   | 0       |
|    add_ln152_245_fu_74813_p2                                        | -   |        | add_ln152_245 | add | fabric | 0       |
|    mul_32s_32s_32_1_1_U1393                                         | 3   |        | mul_ln152_246 | mul | auto   | 0       |
|    add_ln152_246_fu_74902_p2                                        | -   |        | add_ln152_246 | add | fabric | 0       |
|    mul_32s_32s_32_1_1_U1394                                         | 3   |        | mul_ln152_247 | mul | auto   | 0       |
|    add_ln152_247_fu_74991_p2                                        | -   |        | add_ln152_247 | add | fabric | 0       |
|    mul_32s_32s_32_1_1_U1395                                         | 3   |        | mul_ln152_248 | mul | auto   | 0       |
|    add_ln152_248_fu_75080_p2                                        | -   |        | add_ln152_248 | add | fabric | 0       |
|    mul_32s_32s_32_1_1_U1396                                         | 3   |        | mul_ln152_249 | mul | auto   | 0       |
|    add_ln152_249_fu_75169_p2                                        | -   |        | add_ln152_249 | add | fabric | 0       |
|    mul_32s_32s_32_1_1_U1397                                         | 3   |        | mul_ln152_250 | mul | auto   | 0       |
|    add_ln152_250_fu_75258_p2                                        | -   |        | add_ln152_250 | add | fabric | 0       |
|    mul_32s_32s_32_1_1_U1398                                         | 3   |        | mul_ln152_251 | mul | auto   | 0       |
|    add_ln152_251_fu_75347_p2                                        | -   |        | add_ln152_251 | add | fabric | 0       |
|    mul_32s_32s_32_1_1_U1399                                         | 3   |        | mul_ln152_252 | mul | auto   | 0       |
|    add_ln152_252_fu_75436_p2                                        | -   |        | add_ln152_252 | add | fabric | 0       |
|    mul_32s_32s_32_1_1_U1400                                         | 3   |        | mul_ln152_253 | mul | auto   | 0       |
|    add_ln152_253_fu_75525_p2                                        | -   |        | add_ln152_253 | add | fabric | 0       |
|    mul_32s_32s_32_1_1_U1401                                         | 3   |        | mul_ln152_254 | mul | auto   | 0       |
|    add_ln152_254_fu_75614_p2                                        | -   |        | add_ln152_254 | add | fabric | 0       |
|    mul_32s_32s_32_1_1_U1402                                         | 3   |        | mul_ln152_255 | mul | auto   | 0       |
|    add_ln152_255_fu_75703_p2                                        | -   |        | add_ln152_255 | add | fabric | 0       |
|    add_ln114_fu_45740_p2                                            | -   |        | add_ln114     | add | fabric | 0       |
|    add_ln113_1_fu_45746_p2                                          | -   |        | add_ln113_1   | add | fabric | 0       |
|  + mmult_Pipeline_writeC                                            | 0   |        |               |     |        |         |
|    add_ln163_fu_8332_p2                                             | -   |        | add_ln163     | add | fabric | 0       |
|    add_ln166_fu_8349_p2                                             | -   |        | add_ln166     | add | fabric | 0       |
|    j_2_fu_9657_p2                                                   | -   |        | j_2           | add | fabric | 0       |
+---------------------------------------------------------------------+-----+--------+---------------+-----+--------+---------+


================================================================
== Bind Storage Report
================================================================
+---------------+------+------+--------+-----------+---------+------+---------+
| Name          | BRAM | URAM | Pragma | Variable  | Storage | Impl | Latency |
+---------------+------+------+--------+-----------+---------+------+---------+
| + mmult       | 0    | 0    |        |           |         |      |         |
|   localA_U    | -    | -    |        | localA    | rom_np  | auto | 1       |
|   localA_1_U  | -    | -    |        | localA_1  | rom_np  | auto | 1       |
|   localA_2_U  | -    | -    |        | localA_2  | rom_np  | auto | 1       |
|   localA_3_U  | -    | -    |        | localA_3  | rom_np  | auto | 1       |
|   localA_4_U  | -    | -    |        | localA_4  | rom_np  | auto | 1       |
|   localA_5_U  | -    | -    |        | localA_5  | rom_np  | auto | 1       |
|   localA_6_U  | -    | -    |        | localA_6  | rom_np  | auto | 1       |
|   localA_7_U  | -    | -    |        | localA_7  | rom_np  | auto | 1       |
|   localA_8_U  | -    | -    |        | localA_8  | rom_np  | auto | 1       |
|   localA_9_U  | -    | -    |        | localA_9  | rom_np  | auto | 1       |
|   localA_10_U | -    | -    |        | localA_10 | rom_np  | auto | 1       |
|   localA_11_U | -    | -    |        | localA_11 | rom_np  | auto | 1       |
|   localA_12_U | -    | -    |        | localA_12 | rom_np  | auto | 1       |
|   localA_13_U | -    | -    |        | localA_13 | rom_np  | auto | 1       |
|   localA_14_U | -    | -    |        | localA_14 | rom_np  | auto | 1       |
|   localA_15_U | -    | -    |        | localA_15 | rom_np  | auto | 1       |
|   localA_16_U | -    | -    |        | localA_16 | rom_np  | auto | 1       |
|   localA_17_U | -    | -    |        | localA_17 | rom_np  | auto | 1       |
|   localA_18_U | -    | -    |        | localA_18 | rom_np  | auto | 1       |
|   localA_19_U | -    | -    |        | localA_19 | rom_np  | auto | 1       |
|   localA_20_U | -    | -    |        | localA_20 | rom_np  | auto | 1       |
|   localA_21_U | -    | -    |        | localA_21 | rom_np  | auto | 1       |
|   localA_22_U | -    | -    |        | localA_22 | rom_np  | auto | 1       |
|   localA_23_U | -    | -    |        | localA_23 | rom_np  | auto | 1       |
|   localA_24_U | -    | -    |        | localA_24 | rom_np  | auto | 1       |
|   localA_25_U | -    | -    |        | localA_25 | rom_np  | auto | 1       |
|   localA_26_U | -    | -    |        | localA_26 | rom_np  | auto | 1       |
|   localA_27_U | -    | -    |        | localA_27 | rom_np  | auto | 1       |
|   localA_28_U | -    | -    |        | localA_28 | rom_np  | auto | 1       |
|   localA_29_U | -    | -    |        | localA_29 | rom_np  | auto | 1       |
|   localA_30_U | -    | -    |        | localA_30 | rom_np  | auto | 1       |
|   localA_31_U | -    | -    |        | localA_31 | rom_np  | auto | 1       |
|   localB_U    | -    | -    |        | localB    | rom_np  | auto | 1       |
|   localB_1_U  | -    | -    |        | localB_1  | rom_np  | auto | 1       |
|   localB_2_U  | -    | -    |        | localB_2  | rom_np  | auto | 1       |
|   localB_3_U  | -    | -    |        | localB_3  | rom_np  | auto | 1       |
|   localB_4_U  | -    | -    |        | localB_4  | rom_np  | auto | 1       |
|   localB_5_U  | -    | -    |        | localB_5  | rom_np  | auto | 1       |
|   localB_6_U  | -    | -    |        | localB_6  | rom_np  | auto | 1       |
|   localB_7_U  | -    | -    |        | localB_7  | rom_np  | auto | 1       |
|   localB_8_U  | -    | -    |        | localB_8  | rom_np  | auto | 1       |
|   localB_9_U  | -    | -    |        | localB_9  | rom_np  | auto | 1       |
|   localB_10_U | -    | -    |        | localB_10 | rom_np  | auto | 1       |
|   localB_11_U | -    | -    |        | localB_11 | rom_np  | auto | 1       |
|   localB_12_U | -    | -    |        | localB_12 | rom_np  | auto | 1       |
|   localB_13_U | -    | -    |        | localB_13 | rom_np  | auto | 1       |
|   localB_14_U | -    | -    |        | localB_14 | rom_np  | auto | 1       |
|   localB_15_U | -    | -    |        | localB_15 | rom_np  | auto | 1       |
|   localB_16_U | -    | -    |        | localB_16 | rom_np  | auto | 1       |
|   localB_17_U | -    | -    |        | localB_17 | rom_np  | auto | 1       |
|   localB_18_U | -    | -    |        | localB_18 | rom_np  | auto | 1       |
|   localB_19_U | -    | -    |        | localB_19 | rom_np  | auto | 1       |
|   localB_20_U | -    | -    |        | localB_20 | rom_np  | auto | 1       |
|   localB_21_U | -    | -    |        | localB_21 | rom_np  | auto | 1       |
|   localB_22_U | -    | -    |        | localB_22 | rom_np  | auto | 1       |
|   localB_23_U | -    | -    |        | localB_23 | rom_np  | auto | 1       |
|   localB_24_U | -    | -    |        | localB_24 | rom_np  | auto | 1       |
|   localB_25_U | -    | -    |        | localB_25 | rom_np  | auto | 1       |
|   localB_26_U | -    | -    |        | localB_26 | rom_np  | auto | 1       |
|   localB_27_U | -    | -    |        | localB_27 | rom_np  | auto | 1       |
|   localB_28_U | -    | -    |        | localB_28 | rom_np  | auto | 1       |
|   localB_29_U | -    | -    |        | localB_29 | rom_np  | auto | 1       |
|   localB_30_U | -    | -    |        | localB_30 | rom_np  | auto | 1       |
|   localB_31_U | -    | -    |        | localB_31 | rom_np  | auto | 1       |
+---------------+------+------+--------+-----------+---------+------+---------+


================================================================
== Pragma Report
================================================================
* Valid Pragma Syntax
+-----------------+---------------------------------------------------+----------------------------------------------------+
| Type            | Options                                           | Location                                           |
+-----------------+---------------------------------------------------+----------------------------------------------------+
| interface       | m_axi port=a offset=slave bundle=gmem0 depth=1024 | SA_tiling/src/mmult_tiling.cpp:21 in mmult, a      |
| interface       | m_axi port=b offset=slave bundle=gmem1 depth=1024 | SA_tiling/src/mmult_tiling.cpp:22 in mmult, b      |
| interface       | m_axi port=c offset=slave bundle=gmem2 depth=1024 | SA_tiling/src/mmult_tiling.cpp:23 in mmult, c      |
| interface       | s_axilite port=a bundle=control                   | SA_tiling/src/mmult_tiling.cpp:26 in mmult, a      |
| interface       | s_axilite port=b bundle=control                   | SA_tiling/src/mmult_tiling.cpp:27 in mmult, b      |
| interface       | s_axilite port=c bundle=control                   | SA_tiling/src/mmult_tiling.cpp:28 in mmult, c      |
| interface       | s_axilite port=a_row bundle=control               | SA_tiling/src/mmult_tiling.cpp:29 in mmult, a_row  |
| interface       | s_axilite port=a_col bundle=control               | SA_tiling/src/mmult_tiling.cpp:30 in mmult, a_col  |
| interface       | s_axilite port=b_col bundle=control               | SA_tiling/src/mmult_tiling.cpp:31 in mmult, b_col  |
| interface       | s_axilite port=return bundle=control              | SA_tiling/src/mmult_tiling.cpp:32 in mmult, return |
| array_partition | variable = localA dim = 2 complete                | SA_tiling/src/mmult_tiling.cpp:41 in mmult         |
| array_partition | variable = localB dim = 1 complete                | SA_tiling/src/mmult_tiling.cpp:44 in mmult         |
| array_partition | variable = localC dim = 0 complete                | SA_tiling/src/mmult_tiling.cpp:47 in mmult         |
| array_partition | variable = inA dim=0 complete                     | SA_tiling/src/mmult_tiling.cpp:51 in mmult         |
| array_partition | variable = inB dim=0 complete                     | SA_tiling/src/mmult_tiling.cpp:54 in mmult         |
| pipeline        |                                                   | SA_tiling/src/mmult_tiling.cpp:59 in mmult         |
| pipeline        |                                                   | SA_tiling/src/mmult_tiling.cpp:67 in mmult         |
| pipeline        | II=1                                              | SA_tiling/src/mmult_tiling.cpp:77 in mmult         |
| pipeline        | II=1                                              | SA_tiling/src/mmult_tiling.cpp:95 in mmult         |
| pipeline        |                                                   | SA_tiling/src/mmult_tiling.cpp:115 in mmult        |
| pipeline        | II=1                                              | SA_tiling/src/mmult_tiling.cpp:164 in mmult        |
+-----------------+---------------------------------------------------+----------------------------------------------------+


